// Jest Snapshot v1, https://goo.gl/fbAQLP

exports[`BannerCard should render BannerCard component 1`] = `
<View
  style={
    [
      {
        "flexDirection": "row",
      },
      {
        "justifyContent": "flex-start",
      },
      {
        "alignItems": "stretch",
      },
      {
        "flexWrap": "nowrap",
      },
      {
        "borderRadius": 15,
        "flexDirection": "row",
        "overflow": "hidden",
        "position": "relative",
      },
      {
        "height": 168,
        "width": 312,
      },
    ]
  }
  testID="flex"
>
  <Image
    source={
      {
        "uri": "https://i.ibb.co/hRBFHvHk/Mask-Group-1.png",
      }
    }
    style={
      {
        "height": "100%",
        "width": "100%",
      }
    }
  />
  <View
    style={
      [
        {
          "flexDirection": "column",
        },
        {
          "justifyContent": "flex-start",
        },
        {
          "alignItems": "stretch",
        },
        {
          "flexWrap": "nowrap",
        },
        undefined,
        {
          "position": "absolute",
          "right": 8,
          "top": 20,
          "width": "40%",
        },
      ]
    }
    testID="flex"
  >
    <Text
      style={
        [
          {
            "letterSpacing": 0,
            "textAlign": "left",
            "textAlignVertical": "center",
          },
          {
            "color": "#000",
            "fontFamily": "ProductSansBold",
            "fontSize": 24,
            "fontWeight": 700,
          },
          {
            "color": "#fff",
            "fontSize": 20,
          },
          undefined,
        ]
      }
    >
      Autumn Collection 2025
    </Text>
  </View>
</View>
`;
